[spydec.com/index.html]
[backblue.gif]
[fade.gif]
[index.html]
[spydec.com/wp-content/themes/Divi/includes/builder/styles/images/preloader.gif]
[spydec.com/wp-content/themes/Divi/core/admin/fonts/modules/base/modules.eot]
[spydec.com/feed/index.html]
[spydec.com/comments/feed/index.html]
[spydec.com/wp-json/index.html]
[spydec.com/wp-json/wp/v2/pages/9.json]
[spydec.com/xmlrpc0db0.php]
[spydec.com/wp-json/oembed/1.0/embed8f0e.json]
[spydec.com/wp-json/oembed/1.0/embed827c]
[spydec.com/wp-content/uploads/2023/09/cropped-five_icon_3-32x32.png]
[spydec.com/wp-content/uploads/2023/09/cropped-five_icon_3-192x192.png]
[spydec.com/wp-content/uploads/2023/09/cropped-five_icon_3-180x180.png]
[spydec.com/wp-content/uploads/2023/09/cropped-five_icon_3-270x270.png]
[spydec.com/wp-content/uploads/2023/09/logo_scritta.png]
[spydec.com/wp-content/plugins/translatepress-multilingual/assets/images/flags/it_IT.png]
[spydec.com/wp-content/plugins/translatepress-multilingual/assets/images/flags/de_DE.png]
[spydec.com/es/index.html]
[spydec.com/wp-content/plugins/translatepress-multilingual/assets/images/flags/es_ES.png]
[spydec.com/wp-content/plugins/translatepress-multilingual/assets/images/flags/fr_FR.png]
[spydec.com/wp-content/plugins/translatepress-multilingual/assets/images/flags/en_GB.png]
[spydec.com/wp-content/uploads/2023/10/def_4.mp4]
[spydec.com/en/index.html]
[spydec.com/wp-content/uploads/2023/09/stella@300x.png]
[spydec.com/wp-content/uploads/2023/09/cappello_1@300x.png]
[spydec.com/wp-content/uploads/2023/09/prova-imm.png]
[spydec.com/wp-content/uploads/2023/09/separatore@300x.png]
[spydec.com/fr/index.html]
[spydec.com/wp-content/uploads/2023/09/telefono_2@300x.png]
[spydec.com/wp-content/uploads/2023/09/cavo_1@300x.png]
[spydec.com/wp-content/uploads/2023/09/pc_1@300x.png]
[spydec.com/de/index.html]
[spydec.com/wp-content/uploads/2023/09/registrati.png]
[spydec.com/wp-content/uploads/2023/09/scarica_1.png]
[spydec.com/wp-content/uploads/2023/09/installa.png]
[spydec.com/wp-content/uploads/2023/09/password.png]
[spydec.com/wp-content/uploads/2023/09/scan.png]
[spydec.com/wp-content/uploads/2023/09/finito.png]
[spydec.com/wp-content/uploads/2023/09/prova-imm-4.png]
[spydec.com/wp-content/uploads/2023/09/stella_1.png]
[spydec.com/wp-includes/js/jquery/jquery.minf43b.js]
[spydec.com/wp-includes/js/jquery/jquery-migrate.min5589.js]
[spydec.com/wp-content/themes/Divi/js/scripts.min210a.js]
[spydec.com/wp-content/themes/Divi/core/admin/js/common210a.js]
[spydec.com/wp-includes/js/mediaelement/mediaelement-and-player.min1f61.js]
[spydec.com/wp-includes/js/mediaelement/mediaelement-migrate.minaec2.js]
[spydec.com/wp-includes/js/mediaelement/wp-mediaelement.minaec2.js]
[spydec.com/index.html]
[spydec.com/xmlrpc.php]
[spydec.com/wp-content/plugins/translatepress-multilingual/assets/css/trp-floater-language-switcherd7ad.css]
[spydec.com/wp-content/plugins/translatepress-multilingual/assets/css/trp-language-switcherd7ad.css]
[spydec.com/wp-content/et-cache/9/et-divi-dynamic-9-latea2d6.css]
[spydec.com/wp-content/et-cache/9/et-divi-dynamic-9a2d6.css]
[spydec.com/en/wp-json/wp/v2/pages/9.json]
[spydec.com/en/wp-json/index.html]
[spydec.com/en/comments/feed/index.html]
[spydec.com/en/feed/index.html]
[spydec.com/en/wp-json/oembed/1.0/embedb384.json]
[spydec.com/en/wp-json/oembed/1.0/embeda3b2]
[spydec.com/wp-content/plugins/translatepress-multilingual/assets/js/trp-translate-dom-changesd7ad.js]
[spydec.com/en/index.html]
[spydec.com/fr/wp-json/wp/v2/pages/9.json]
[spydec.com/fr/wp-json/index.html]
[spydec.com/fr/comments/feed/index.html]
[spydec.com/fr/feed/index.html]
[spydec.com/fr/wp-json/oembed/1.0/embed2e6b.json]
[spydec.com/fr/wp-json/oembed/1.0/embed762e]
[spydec.com/fr/index.html]
[spydec.com/es/wp-json/wp/v2/pages/9.json]
[spydec.com/es/wp-json/index.html]
[spydec.com/es/feed/index.html]
[spydec.com/es/comments/feed/index.html]
[spydec.com/es/wp-json/oembed/1.0/embedcf7a.json]
[spydec.com/es/wp-json/oembed/1.0/embedbfd5]
[spydec.com/es/index.html]
[spydec.com/de/wp-json/wp/v2/pages/9.json]
[spydec.com/de/wp-json/index.html]
[spydec.com/de/feed/index.html]
[spydec.com/de/comments/feed/index.html]
[spydec.com/de/wp-json/oembed/1.0/embedcaf2.json]
[spydec.com/de/wp-json/oembed/1.0/embedc412]
[spydec.com/de/index.html]
[spydec.com/wp-content/uploads/2023/09/sfondo_1-scaled.jpg]
[spydec.com/wp-content/et-cache/9/et-core-unified-deferred-9.min03d9.css]
[spydec.com/wp-includes/js/mediaelement/mediaelementplayer-legacy.min1f61.css]
[spydec.com/wp-includes/js/mediaelement/wp-mediaelement.minaec2.css]
[spydec.com/wp-includes/css/dist/block-library/style.minaec2.css]
[spydec.com/wp-content/plugins/translatepress-multilingual/assets/images/arrow-down-3101.svg]
[spydec.com/wp-includes/js/mediaelement/mejs-controls.svg]
